// Jest Snapshot v1, https://goo.gl/fbAQLP

exports[`App should match a snapshot 1`] = `
<div
  className="app"
>
  <Header
    handleOAuthSignIn={[Function]}
    user={
      Object {
        "email": "walt@aol.com",
        "id": 1,
        "name": "Walter",
      }
    }
  />
  <Switch>
    <Route
      exact={true}
      path="/"
      render={[Function]}
    />
    <Route
      component={[Function]}
      path="/welcomeNewUser"
    />
    <Route
      component={[Function]}
      path="/newComplaint"
    />
    <Route
      component={[Function]}
      path="/myReports"
    />
    <Route
      path="/myAccount"
      render={[Function]}
    />
  </Switch>
</div>
`;
