// Jest Snapshot v1, https://goo.gl/fbAQLP

exports[`NewComplaintContainer should match a snapshot 1`] = `
<div>
  <div
    className="question-block"
    key="questionBlock-1"
  >
    <h3>
      Tell us about the call.
    </h3>
    <div
      className="complaint-question"
      key="subject"
    >
      <label
        htmlFor="subject"
      >
        Subject
      </label>
      <input
        id="subject"
        onChange={[Function]}
        required={true}
        type="text"
        value=""
      />
    </div>
    <div
      className="complaint-question"
      key="description"
    >
      <label
        htmlFor="description"
      >
        Description
      </label>
      <textarea
        id="description"
        onChange={[Function]}
        required={true}
        value=""
      />
    </div>
    <div
      className="complaint-question"
      key="isSoliciting"
    >
      <label
        htmlFor="isSoliciting"
      >
        Did the call/message that you are reporting advertise any type of property, goods, or services ?
      </label>
      <select
        id="isSoliciting"
        name="isSoliciting"
        onChange={[Function]}
        required={true}
        value="-"
      >
        <option
          key="isSoliciting--"
          value="-"
        >
          -
        </option>
        <option
          key="isSoliciting-Yes"
          value="Yes"
        >
          Yes
        </option>
        <option
          key="isSoliciting-No"
          value="No"
        >
          No
        </option>
      </select>
    </div>
    <div
      className="complaint-question"
      key="typeOfSolicit"
    >
      <label
        htmlFor="typeOfSolicit"
      >
        Type of Property, Goods, or Services
      </label>
      <input
        id="typeOfSolicit"
        onChange={[Function]}
        required={true}
        type="text"
        value=""
      />
    </div>
    <div
      className="question-block-nav-group"
    >
      <button
        className="question-block-nav-btn back-btn"
        name="back"
        onClick={[Function]}
      >
        Back
      </button>
      <button
        className="question-block-nav-btn next-btn"
        name="next"
        onClick={[Function]}
      >
        Next
      </button>
    </div>
  </div>
</div>
`;
